// Jest Snapshot v1, https://goo.gl/fbAQLP

exports[`Input tests Input error  1`] = `ReactWrapper {}`;
