// Jest Snapshot v1, https://goo.gl/fbAQLP

exports[`Toolbar should match snapshot  1`] = `ShallowWrapper {}`;
